ets Jul 29 2019 12:21:46

rst:0x1 (POWERON_RESET),boot:0x13 (SPI_FAST_FLASH_BOOT)
configsip: 0, SPIWP:0xee
clk_drv:0x00,q_drv:0x00,d_drv:0x00,cs0_drv:0x00,hd_drv:0x00,wp_drv:0x00
mode:DIO, clock div:2
load:0x3fff0030,len:6276
load:0x40078000,len:15716
load:0x40080400,len:4
ho 8 tail 4 room 4
load:0x40080404,len:3860
entry 0x4008063c
[0;32mI (31) boot: ESP-IDF v5.4 2nd stage bootloader[0m
[0;32mI (31) boot: compile time Mar 22 2025 13:14:27[0m
[0;32mI (31) boot: Multicore bootloader[0m
[0;32mI (32) boot: chip revision: v3.1[0m
[0;32mI (35) boot.esp32: SPI Speed      : 40MHz[0m
[0;32mI (39) boot.esp32: SPI Mode       : DIO[0m
[0;32mI (42) boot.esp32: SPI Flash Size : 2MB[0m
[0;32mI (46) boot: Enabling RNG early entropy source...[0m
[0;32mI (50) boot: Partition Table:[0m
[0;32mI (53) boot: ## Label            Usage          Type ST Offset   Length[0m
[0;32mI (59) boot:  0 nvs              WiFi data        01 02 00009000 00006000[0m
[0;32mI (66) boot:  1 phy_init         RF data          01 01 0000f000 00001000[0m
[0;32mI (72) boot:  2 factory          factory app      00 00 00010000 00100000[0m
[0;32mI (79) boot: End of partition table[0m
[0;32mI (82) esp_image: segment 0: paddr=00010020 vaddr=3f400020 size=204e4h (132324) map[0m
[0;32mI (135) esp_image: segment 1: paddr=0003050c vaddr=3ff80000 size=0001ch (    28) load[0m
[0;32mI (135) esp_image: segment 2: paddr=00030530 vaddr=3ffb0000 size=03fb8h ( 16312) load[0m
[0;32mI (145) esp_image: segment 3: paddr=000344f0 vaddr=40080000 size=0bb28h ( 47912) load[0m
[0;32mI (165) esp_image: segment 4: paddr=00040020 vaddr=400d0020 size=9ebbch (650172) map[0m
[0;32mI (387) esp_image: segment 5: paddr=000debe4 vaddr=4008bb28 size=0cab0h ( 51888) load[0m
[0;32mI (419) boot: Loaded app from partition at offset 0x10000[0m
[0;32mI (419) boot: Disabling RNG early entropy source...[0m
[0;32mI (430) cpu_start: Multicore app[0m
[0;32mI (438) cpu_start: Pro cpu start user code[0m
[0;32mI (438) cpu_start: cpu freq: 160000000 Hz[0m
[0;32mI (438) app_init: Application information:[0m
[0;32mI (438) app_init: Project name:     main[0m
[0;32mI (442) app_init: App version:      1[0m
[0;32mI (445) app_init: Compile time:     Apr 27 2025 21:16:48[0m
[0;32mI (450) app_init: ELF file SHA256:  994b8677e...[0m
[0;32mI (455) app_init: ESP-IDF:          v5.4[0m
[0;32mI (458) efuse_init: Min chip rev:     v0.0[0m
[0;32mI (462) efuse_init: Max chip rev:     v3.99 [0m
[0;32mI (466) efuse_init: Chip rev:         v3.1[0m
[0;32mI (470) heap_init: Initializing. RAM available for dynamic allocation:[0m
[0;32mI (477) heap_init: At 3FFAE6E0 len 00001920 (6 KiB): DRAM[0m
[0;32mI (481) heap_init: At 3FFB9190 len 00026E70 (155 KiB): DRAM[0m
[0;32mI (487) heap_init: At 3FFE0440 len 00003AE0 (14 KiB): D/IRAM[0m
[0;32mI (492) heap_init: At 3FFE4350 len 0001BCB0 (111 KiB): D/IRAM[0m
[0;32mI (498) heap_init: At 400985D8 len 00007A28 (30 KiB): IRAM[0m
[0;32mI (504) spi_flash: detected chip: generic[0m
[0;32mI (507) spi_flash: flash io: dio[0m
[0;33mW (510) spi_flash: Detected size(4096k) larger than the size in the binary image header(2048k). Using the size in the binary image header.[0m
[0;32mI (524) main_task: Started on CPU0[0m
[0;32mI (526) main_task: Calling app_main()[0m
[0;32mI (547) uXï¿½I (553) wifi:wifi driver task: 3ffc29a0, prio:23, stack:6656, core=0[0m
[0;32mI (563) wifi:wifi firmware version: 48ea317a7[0m
[0;32mI (563) wifi:wifi certification version: v7.0[0m
[0;32mI (564) wifi:config NVS flash: enabled[0m
[0;32mI (564) wifi:config nano formatting: disabled[0m
[0;32mI (568) wifi:Init data frame dynamic rx buffer num: 32[0m
[0;32mI (573) wifi:Init static rx mgmt buffer num: 5[0m
[0;32mI (577) wifi:Init management short buffer num: 32[0m
[0;32mI (581) wifi:Init dynamic tx buffer num: 32[0m
[0;32mI (585) wifi:Init static rx buffer size: 1600[0m
[0;32mI (589) wifi:Init static rx buffer num: 4[0m
[0;32mI (593) wifi:Init dynamic rx buffer num: 32[0m
[0;32mI (598) wifi_init: rx ba win: 6[0m
[0;32mI (600) wifi_init: accept mbox: 6[0m
[0;32mI (603) wifi_init: tcpip mbox: 32[0m
[0;32mI (606) wifi_init: udp mbox: 6[0m
[0;32mI (608) wifi_init: tcp mbox: 6[0m
[0;32mI (611) wifi_init: tcp tx win: 5760[0m
[0;32mI (614) wifi_init: tcp rx win: 5760[0m
[0;32mI (618) wifi_init: tcp mss: 1440[0m
[0;32mI (621) wifi_init: WiFi IRAM OP enabled[0m
[0;32mI (624) wifi_init: WiFi RX IRAM OP enabled[0m
[0;32mI (631) phy_init: phy_version 4840,02e0d70,Sep  2 2024,19:39:07[0m
[0;32mI (717) wifi:mode : softAP (3c:8a:1f:7d:cd:55)[0m
[0;32mI (722) wifi:Total power save buffer number: 16[0m
[0;32mI (723) wifi:Init max length of beacon: 752/752[0m
[0;32mI (724) wifi:Init max length of beacon: 752/752[0m
[0;32mI (727) esp_netif_lwip: DHCP server started on interface WIFI_AP_DEF with IP: 192.168.4.1[0m
Access Point started
AP IP address: 192.168.4.1
Web server started
[0;32mI (836) main_task: Returned from app_main()[0m
[0;32mI (837) gpio: GPIO[2]| InputEn: 1| OutputEn: 1| OpenDrain: 0| Pullup: 0| Pulldown: 0| Intr:0 [0m
[0;32mI (16636) wifi:new:<1,1>, old:<1,1>, ap:<1,1>, sta:<255,255>, prof:1, snd_ch_cfg:0x0[0m
[0;32mI (16638) wifi:station: 38:00:25:c1:a1:06 join, AID=1, bgn, 40U[0m
[0;32mI (16661) esp_netif_lwip: DHCP server assigned IP to a client, IP is: 192.168.4.2[0m
User connected from IP: 192.168.4.2
Number of tries: 1
[0;32mI (22067) wifi:<ba-add>idx:2 (ifx:1, 38:00:25:c1:a1:06), tid:0, ssn:116, winSize:64[0m
User connected from IP: 192.168.4.2
Number of tries: 2
